[2025-07-10T23:44:43.618+0300][gc,init] CardTable entry size: 512
[2025-07-10T23:44:43.624+0300][gc     ] Using G1
[2025-07-10T23:44:43.654+0300][gc,init] Version: 21.0.7+6-Ubuntu-0ubuntu124.04 (release)
[2025-07-10T23:44:43.655+0300][gc,init] CPUs: 8 total, 8 available
[2025-07-10T23:44:43.656+0300][gc,init] Memory: 7862M
[2025-07-10T23:44:43.657+0300][gc,init] Large Page Support: Disabled
[2025-07-10T23:44:43.658+0300][gc,init] NUMA Support: Disabled
[2025-07-10T23:44:43.658+0300][gc,init] Compressed Oops: Enabled (32-bit)
[2025-07-10T23:44:43.659+0300][gc,init] Heap Region Size: 1M
[2025-07-10T23:44:43.660+0300][gc,init] Heap Min Capacity: 1G
[2025-07-10T23:44:43.661+0300][gc,init] Heap Initial Capacity: 1G
[2025-07-10T23:44:43.662+0300][gc,init] Heap Max Capacity: 1G
[2025-07-10T23:44:43.663+0300][gc,init] Pre-touch: Disabled
[2025-07-10T23:44:43.663+0300][gc,init] Parallel Workers: 8
[2025-07-10T23:44:43.664+0300][gc,init] Concurrent Workers: 2
[2025-07-10T23:44:43.665+0300][gc,init] Concurrent Refinement Workers: 8
[2025-07-10T23:44:43.666+0300][gc,init] Periodic GC: Disabled
[2025-07-10T23:44:43.690+0300][gc,metaspace] CDS archive(s) mapped at: [0x00007edcc7000000-0x00007edcc7c97000-0x00007edcc7c97000), size 13201408, SharedBaseAddress: 0x00007edcc7000000, ArchiveRelocationMode: 1.
[2025-07-10T23:44:43.691+0300][gc,metaspace] Compressed class space mapped at: 0x00007edcc8000000-0x00007edd08000000, reserved size: 1073741824
[2025-07-10T23:44:43.692+0300][gc,metaspace] Narrow klass base: 0x00007edcc7000000, Narrow klass shift: 0, Narrow klass range: 0x100000000
[2025-07-10T23:45:03.849+0300][gc,heap,exit] Heap
[2025-07-10T23:45:03.850+0300][gc,heap,exit]  garbage-first heap   total 1048576K, used 39473K [0x00000000c0000000, 0x0000000100000000)
[2025-07-10T23:45:03.850+0300][gc,heap,exit]   region size 1024K, 38 young (38912K), 0 survivors (0K)
[2025-07-10T23:45:03.851+0300][gc,heap,exit]  Metaspace       used 13268K, committed 13504K, reserved 1114112K
[2025-07-10T23:45:03.851+0300][gc,heap,exit]   class space    used 1751K, committed 1856K, reserved 1048576K
