[2025-07-10T23:47:47.116+0300][gc,init] CardTable entry size: 512
[2025-07-10T23:47:47.121+0300][gc     ] Using G1
[2025-07-10T23:47:47.144+0300][gc,init] Version: 21.0.7+6-Ubuntu-0ubuntu124.04 (release)
[2025-07-10T23:47:47.145+0300][gc,init] CPUs: 8 total, 8 available
[2025-07-10T23:47:47.146+0300][gc,init] Memory: 7862M
[2025-07-10T23:47:47.147+0300][gc,init] Large Page Support: Disabled
[2025-07-10T23:47:47.147+0300][gc,init] NUMA Support: Disabled
[2025-07-10T23:47:47.148+0300][gc,init] Compressed Oops: Enabled (32-bit)
[2025-07-10T23:47:47.148+0300][gc,init] Heap Region Size: 1M
[2025-07-10T23:47:47.149+0300][gc,init] Heap Min Capacity: 1G
[2025-07-10T23:47:47.150+0300][gc,init] Heap Initial Capacity: 1G
[2025-07-10T23:47:47.150+0300][gc,init] Heap Max Capacity: 1G
[2025-07-10T23:47:47.151+0300][gc,init] Pre-touch: Disabled
[2025-07-10T23:47:47.151+0300][gc,init] Parallel Workers: 8
[2025-07-10T23:47:47.152+0300][gc,init] Concurrent Workers: 2
[2025-07-10T23:47:47.152+0300][gc,init] Concurrent Refinement Workers: 8
[2025-07-10T23:47:47.153+0300][gc,init] Periodic GC: Disabled
[2025-07-10T23:47:47.169+0300][gc,metaspace] CDS archive(s) mapped at: [0x00007318f7000000-0x00007318f7c97000-0x00007318f7c97000), size 13201408, SharedBaseAddress: 0x00007318f7000000, ArchiveRelocationMode: 1.
[2025-07-10T23:47:47.169+0300][gc,metaspace] Compressed class space mapped at: 0x00007318f8000000-0x0000731938000000, reserved size: 1073741824
[2025-07-10T23:47:47.170+0300][gc,metaspace] Narrow klass base: 0x00007318f7000000, Narrow klass shift: 0, Narrow klass range: 0x100000000
[2025-07-10T23:47:53.595+0300][gc,start    ] GC(0) Pause Young (Normal) (G1 Evacuation Pause)
[2025-07-10T23:47:53.599+0300][gc,task     ] GC(0) Using 8 workers of 8 for evacuation
[2025-07-10T23:47:53.610+0300][gc,phases   ] GC(0)   Pre Evacuate Collection Set: 0.7ms
[2025-07-10T23:47:53.610+0300][gc,phases   ] GC(0)   Merge Heap Roots: 0.5ms
[2025-07-10T23:47:53.611+0300][gc,phases   ] GC(0)   Evacuate Collection Set: 7.0ms
[2025-07-10T23:47:53.611+0300][gc,phases   ] GC(0)   Post Evacuate Collection Set: 2.1ms
[2025-07-10T23:47:53.612+0300][gc,phases   ] GC(0)   Other: 3.8ms
[2025-07-10T23:47:53.612+0300][gc,heap     ] GC(0) Eden regions: 51->0(44)
[2025-07-10T23:47:53.612+0300][gc,heap     ] GC(0) Survivor regions: 0->7(7)
[2025-07-10T23:47:53.613+0300][gc,heap     ] GC(0) Old regions: 2->4
[2025-07-10T23:47:53.613+0300][gc,heap     ] GC(0) Humongous regions: 0->0
[2025-07-10T23:47:53.613+0300][gc,metaspace] GC(0) Metaspace: 17919K(18112K)->17919K(18112K) NonClass: 15833K(15936K)->15833K(15936K) Class: 2085K(2176K)->2085K(2176K)
[2025-07-10T23:47:53.614+0300][gc          ] GC(0) Pause Young (Normal) (G1 Evacuation Pause) 52M->9M(1024M) 18.734ms
[2025-07-10T23:47:53.614+0300][gc,cpu      ] GC(0) User=0.04s Sys=0.01s Real=0.02s
[2025-07-10T23:47:54.489+0300][gc,start    ] GC(1) Pause Young (Concurrent Start) (Metadata GC Threshold)
[2025-07-10T23:47:54.489+0300][gc,task     ] GC(1) Using 8 workers of 8 for evacuation
[2025-07-10T23:47:54.503+0300][gc,phases   ] GC(1)   Pre Evacuate Collection Set: 0.8ms
[2025-07-10T23:47:54.504+0300][gc,phases   ] GC(1)   Merge Heap Roots: 0.4ms
[2025-07-10T23:47:54.505+0300][gc,phases   ] GC(1)   Evacuate Collection Set: 10.1ms
[2025-07-10T23:47:54.505+0300][gc,phases   ] GC(1)   Post Evacuate Collection Set: 1.8ms
[2025-07-10T23:47:54.506+0300][gc,phases   ] GC(1)   Other: 0.9ms
[2025-07-10T23:47:54.506+0300][gc,heap     ] GC(1) Eden regions: 12->0(49)
[2025-07-10T23:47:54.507+0300][gc,heap     ] GC(1) Survivor regions: 7->2(7)
[2025-07-10T23:47:54.508+0300][gc,heap     ] GC(1) Old regions: 4->11
[2025-07-10T23:47:54.508+0300][gc,heap     ] GC(1) Humongous regions: 0->0
[2025-07-10T23:47:54.509+0300][gc,metaspace] GC(1) Metaspace: 21305K(21504K)->21305K(21504K) NonClass: 18958K(19072K)->18958K(19072K) Class: 2347K(2432K)->2347K(2432K)
[2025-07-10T23:47:54.509+0300][gc          ] GC(1) Pause Young (Concurrent Start) (Metadata GC Threshold) 20M->10M(1024M) 20.729ms
[2025-07-10T23:47:54.510+0300][gc,cpu      ] GC(1) User=0.05s Sys=0.02s Real=0.03s
[2025-07-10T23:47:54.510+0300][gc          ] GC(2) Concurrent Mark Cycle
[2025-07-10T23:47:54.511+0300][gc,marking  ] GC(2) Concurrent Scan Root Regions
[2025-07-10T23:47:54.515+0300][gc,marking  ] GC(2) Concurrent Scan Root Regions 3.778ms
[2025-07-10T23:47:54.515+0300][gc,marking  ] GC(2) Concurrent Mark
[2025-07-10T23:47:54.516+0300][gc,marking  ] GC(2) Concurrent Mark From Roots
[2025-07-10T23:47:54.516+0300][gc,task     ] GC(2) Using 2 workers of 2 for marking
[2025-07-10T23:47:54.521+0300][gc,marking  ] GC(2) Concurrent Mark From Roots 4.767ms
[2025-07-10T23:47:54.521+0300][gc,marking  ] GC(2) Concurrent Preclean
[2025-07-10T23:47:54.521+0300][gc,marking  ] GC(2) Concurrent Preclean 0.340ms
[2025-07-10T23:47:54.522+0300][gc,start    ] GC(2) Pause Remark
[2025-07-10T23:47:54.525+0300][gc          ] GC(2) Pause Remark 11M->11M(1024M) 3.361ms
[2025-07-10T23:47:54.526+0300][gc,cpu      ] GC(2) User=0.00s Sys=0.00s Real=0.00s
[2025-07-10T23:47:54.526+0300][gc,marking  ] GC(2) Concurrent Mark 10.850ms
[2025-07-10T23:47:54.527+0300][gc,marking  ] GC(2) Concurrent Rebuild Remembered Sets and Scrub Regions
[2025-07-10T23:47:54.529+0300][gc,marking  ] GC(2) Concurrent Rebuild Remembered Sets and Scrub Regions 2.655ms
[2025-07-10T23:47:54.530+0300][gc,start    ] GC(2) Pause Cleanup
[2025-07-10T23:47:54.530+0300][gc          ] GC(2) Pause Cleanup 11M->11M(1024M) 0.549ms
[2025-07-10T23:47:54.531+0300][gc,cpu      ] GC(2) User=0.00s Sys=0.00s Real=0.00s
[2025-07-10T23:47:54.531+0300][gc,marking  ] GC(2) Concurrent Clear Claimed Marks
[2025-07-10T23:47:54.531+0300][gc,marking  ] GC(2) Concurrent Clear Claimed Marks 0.389ms
[2025-07-10T23:47:54.532+0300][gc,marking  ] GC(2) Concurrent Cleanup for Next Mark
[2025-07-10T23:47:54.542+0300][gc,marking  ] GC(2) Concurrent Cleanup for Next Mark 9.933ms
[2025-07-10T23:47:54.542+0300][gc          ] GC(2) Concurrent Mark Cycle 32.082ms
[2025-07-10T23:47:57.251+0300][gc,start    ] GC(3) Pause Young (Prepare Mixed) (G1 Evacuation Pause)
[2025-07-10T23:47:57.252+0300][gc,task     ] GC(3) Using 8 workers of 8 for evacuation
[2025-07-10T23:47:57.257+0300][gc,phases   ] GC(3)   Pre Evacuate Collection Set: 0.5ms
[2025-07-10T23:47:57.258+0300][gc,phases   ] GC(3)   Merge Heap Roots: 0.2ms
[2025-07-10T23:47:57.258+0300][gc,phases   ] GC(3)   Evacuate Collection Set: 2.8ms
[2025-07-10T23:47:57.258+0300][gc,phases   ] GC(3)   Post Evacuate Collection Set: 1.3ms
[2025-07-10T23:47:57.259+0300][gc,phases   ] GC(3)   Other: 0.5ms
[2025-07-10T23:47:57.259+0300][gc,heap     ] GC(3) Eden regions: 49->0(47)
[2025-07-10T23:47:57.260+0300][gc,heap     ] GC(3) Survivor regions: 2->4(7)
[2025-07-10T23:47:57.260+0300][gc,heap     ] GC(3) Old regions: 11->11
[2025-07-10T23:47:57.261+0300][gc,heap     ] GC(3) Humongous regions: 9->9
[2025-07-10T23:47:57.261+0300][gc,metaspace] GC(3) Metaspace: 32647K(33024K)->32647K(33024K) NonClass: 28801K(28992K)->28801K(28992K) Class: 3845K(4032K)->3845K(4032K)
[2025-07-10T23:47:57.262+0300][gc          ] GC(3) Pause Young (Prepare Mixed) (G1 Evacuation Pause) 68M->22M(1024M) 10.380ms
[2025-07-10T23:47:57.262+0300][gc,cpu      ] GC(3) User=0.02s Sys=0.00s Real=0.01s
[2025-07-10T23:47:57.663+0300][gc,start    ] GC(4) Pause Young (Mixed) (Metadata GC Threshold)
[2025-07-10T23:47:57.664+0300][gc,task     ] GC(4) Using 8 workers of 8 for evacuation
[2025-07-10T23:47:57.672+0300][gc,phases   ] GC(4)   Pre Evacuate Collection Set: 0.5ms
[2025-07-10T23:47:57.672+0300][gc,phases   ] GC(4)   Merge Heap Roots: 0.4ms
[2025-07-10T23:47:57.673+0300][gc,phases   ] GC(4)   Evacuate Collection Set: 4.8ms
[2025-07-10T23:47:57.673+0300][gc,phases   ] GC(4)   Post Evacuate Collection Set: 1.4ms
[2025-07-10T23:47:57.673+0300][gc,phases   ] GC(4)   Other: 0.6ms
[2025-07-10T23:47:57.674+0300][gc,heap     ] GC(4) Eden regions: 22->0(44)
[2025-07-10T23:47:57.674+0300][gc,heap     ] GC(4) Survivor regions: 4->7(7)
[2025-07-10T23:47:57.674+0300][gc,heap     ] GC(4) Old regions: 11->11
[2025-07-10T23:47:57.675+0300][gc,heap     ] GC(4) Humongous regions: 9->9
[2025-07-10T23:47:57.675+0300][gc,metaspace] GC(4) Metaspace: 35651K(35968K)->35651K(35968K) NonClass: 31448K(31616K)->31448K(31616K) Class: 4203K(4352K)->4203K(4352K)
[2025-07-10T23:47:57.676+0300][gc          ] GC(4) Pause Young (Mixed) (Metadata GC Threshold) 44M->25M(1024M) 12.402ms
[2025-07-10T23:47:57.676+0300][gc,cpu      ] GC(4) User=0.02s Sys=0.01s Real=0.01s
[2025-07-10T23:47:57.734+0300][gc,start    ] GC(5) Pause Young (Concurrent Start) (Metadata GC Threshold)
[2025-07-10T23:47:57.735+0300][gc,task     ] GC(5) Using 8 workers of 8 for evacuation
[2025-07-10T23:47:57.742+0300][gc,phases   ] GC(5)   Pre Evacuate Collection Set: 0.6ms
[2025-07-10T23:47:57.743+0300][gc,phases   ] GC(5)   Merge Heap Roots: 0.2ms
[2025-07-10T23:47:57.743+0300][gc,phases   ] GC(5)   Evacuate Collection Set: 5.0ms
[2025-07-10T23:47:57.744+0300][gc,phases   ] GC(5)   Post Evacuate Collection Set: 1.0ms
[2025-07-10T23:47:57.744+0300][gc,phases   ] GC(5)   Other: 0.7ms
[2025-07-10T23:47:57.745+0300][gc,heap     ] GC(5) Eden regions: 2->0(47)
[2025-07-10T23:47:57.745+0300][gc,heap     ] GC(5) Survivor regions: 7->4(7)
[2025-07-10T23:47:57.746+0300][gc,heap     ] GC(5) Old regions: 11->14
[2025-07-10T23:47:57.746+0300][gc,heap     ] GC(5) Humongous regions: 9->9
[2025-07-10T23:47:57.747+0300][gc,metaspace] GC(5) Metaspace: 36000K(36288K)->36000K(36288K) NonClass: 31769K(31936K)->31769K(31936K) Class: 4230K(4352K)->4230K(4352K)
[2025-07-10T23:47:57.747+0300][gc          ] GC(5) Pause Young (Concurrent Start) (Metadata GC Threshold) 27M->26M(1024M) 12.941ms
[2025-07-10T23:47:57.748+0300][gc,cpu      ] GC(5) User=0.03s Sys=0.02s Real=0.01s
[2025-07-10T23:47:57.748+0300][gc          ] GC(6) Concurrent Mark Cycle
[2025-07-10T23:47:57.749+0300][gc,marking  ] GC(6) Concurrent Scan Root Regions
[2025-07-10T23:47:57.753+0300][gc,marking  ] GC(6) Concurrent Scan Root Regions 3.963ms
[2025-07-10T23:47:57.753+0300][gc,marking  ] GC(6) Concurrent Mark
[2025-07-10T23:47:57.754+0300][gc,marking  ] GC(6) Concurrent Mark From Roots
[2025-07-10T23:47:57.754+0300][gc,task     ] GC(6) Using 2 workers of 2 for marking
[2025-07-10T23:47:57.763+0300][gc,marking  ] GC(6) Concurrent Mark From Roots 8.770ms
[2025-07-10T23:47:57.763+0300][gc,marking  ] GC(6) Concurrent Preclean
[2025-07-10T23:47:57.764+0300][gc,marking  ] GC(6) Concurrent Preclean 0.566ms
[2025-07-10T23:47:57.767+0300][gc,start    ] GC(6) Pause Remark
[2025-07-10T23:47:57.770+0300][gc          ] GC(6) Pause Remark 27M->27M(1024M) 3.668ms
[2025-07-10T23:47:57.771+0300][gc,cpu      ] GC(6) User=0.01s Sys=0.00s Real=0.01s
[2025-07-10T23:47:57.771+0300][gc,marking  ] GC(6) Concurrent Mark 17.872ms
[2025-07-10T23:47:57.772+0300][gc,marking  ] GC(6) Concurrent Rebuild Remembered Sets and Scrub Regions
[2025-07-10T23:47:57.777+0300][gc,marking  ] GC(6) Concurrent Rebuild Remembered Sets and Scrub Regions 4.991ms
[2025-07-10T23:47:57.777+0300][gc,start    ] GC(6) Pause Cleanup
[2025-07-10T23:47:57.778+0300][gc          ] GC(6) Pause Cleanup 27M->27M(1024M) 0.685ms
[2025-07-10T23:47:57.779+0300][gc,cpu      ] GC(6) User=0.00s Sys=0.00s Real=0.00s
[2025-07-10T23:47:57.779+0300][gc,marking  ] GC(6) Concurrent Clear Claimed Marks
[2025-07-10T23:47:57.780+0300][gc,marking  ] GC(6) Concurrent Clear Claimed Marks 0.457ms
[2025-07-10T23:47:57.780+0300][gc,marking  ] GC(6) Concurrent Cleanup for Next Mark
[2025-07-10T23:47:57.782+0300][gc,marking  ] GC(6) Concurrent Cleanup for Next Mark 1.605ms
[2025-07-10T23:47:57.782+0300][gc          ] GC(6) Concurrent Mark Cycle 34.384ms
[2025-07-10T23:57:20.342+0300][gc,start    ] GC(7) Pause Young (Prepare Mixed) (G1 Evacuation Pause)
[2025-07-10T23:57:20.344+0300][gc,task     ] GC(7) Using 8 workers of 8 for evacuation
[2025-07-10T23:57:20.373+0300][gc,mmu      ] GC(7) MMU target violated: 21.0ms (20.0ms/21.0ms)
[2025-07-10T23:57:20.373+0300][gc,phases   ] GC(7)   Pre Evacuate Collection Set: 3.4ms
[2025-07-10T23:57:20.374+0300][gc,phases   ] GC(7)   Merge Heap Roots: 1.2ms
[2025-07-10T23:57:20.375+0300][gc,phases   ] GC(7)   Evacuate Collection Set: 19.4ms
[2025-07-10T23:57:20.375+0300][gc,phases   ] GC(7)   Post Evacuate Collection Set: 3.2ms
[2025-07-10T23:57:20.376+0300][gc,phases   ] GC(7)   Other: 2.1ms
[2025-07-10T23:57:20.377+0300][gc,heap     ] GC(7) Eden regions: 47->0(45)
[2025-07-10T23:57:20.377+0300][gc,heap     ] GC(7) Survivor regions: 4->6(7)
[2025-07-10T23:57:20.378+0300][gc,heap     ] GC(7) Old regions: 14->14
[2025-07-10T23:57:20.379+0300][gc,heap     ] GC(7) Humongous regions: 138->138
[2025-07-10T23:57:20.379+0300][gc,metaspace] GC(7) Metaspace: 40582K(40960K)->40582K(40960K) NonClass: 35998K(36224K)->35998K(36224K) Class: 4584K(4736K)->4584K(4736K)
[2025-07-10T23:57:20.380+0300][gc          ] GC(7) Pause Young (Prepare Mixed) (G1 Evacuation Pause) 202M->157M(1024M) 37.857ms
[2025-07-10T23:57:20.381+0300][gc,cpu      ] GC(7) User=0.14s Sys=0.02s Real=0.04s
[2025-07-11T00:03:25.450+0300][gc,start    ] GC(8) Pause Young (Mixed) (G1 Evacuation Pause)
[2025-07-11T00:03:25.451+0300][gc,task     ] GC(8) Using 8 workers of 8 for evacuation
[2025-07-11T00:03:25.464+0300][gc,phases   ] GC(8)   Pre Evacuate Collection Set: 1.1ms
[2025-07-11T00:03:25.465+0300][gc,phases   ] GC(8)   Merge Heap Roots: 0.5ms
[2025-07-11T00:03:25.465+0300][gc,phases   ] GC(8)   Evacuate Collection Set: 9.7ms
[2025-07-11T00:03:25.465+0300][gc,phases   ] GC(8)   Post Evacuate Collection Set: 1.5ms
[2025-07-11T00:03:25.466+0300][gc,phases   ] GC(8)   Other: 0.9ms
[2025-07-11T00:03:25.466+0300][gc,heap     ] GC(8) Eden regions: 45->0(46)
[2025-07-11T00:03:25.467+0300][gc,heap     ] GC(8) Survivor regions: 6->5(7)
[2025-07-11T00:03:25.467+0300][gc,heap     ] GC(8) Old regions: 14->17
[2025-07-11T00:03:25.467+0300][gc,heap     ] GC(8) Humongous regions: 138->138
[2025-07-11T00:03:25.468+0300][gc,metaspace] GC(8) Metaspace: 42843K(43264K)->42843K(43264K) NonClass: 37913K(38144K)->37913K(38144K) Class: 4930K(5120K)->4930K(5120K)
[2025-07-11T00:03:25.468+0300][gc          ] GC(8) Pause Young (Mixed) (G1 Evacuation Pause) 202M->159M(1024M) 18.379ms
[2025-07-11T00:03:25.468+0300][gc,cpu      ] GC(8) User=0.06s Sys=0.01s Real=0.01s
[2025-07-11T00:08:59.722+0300][gc,start    ] GC(9) Pause Young (Normal) (G1 Evacuation Pause)
[2025-07-11T00:08:59.723+0300][gc,task     ] GC(9) Using 8 workers of 8 for evacuation
[2025-07-11T00:08:59.742+0300][gc,phases   ] GC(9)   Pre Evacuate Collection Set: 1.9ms
[2025-07-11T00:08:59.743+0300][gc,phases   ] GC(9)   Merge Heap Roots: 0.7ms
[2025-07-11T00:08:59.743+0300][gc,phases   ] GC(9)   Evacuate Collection Set: 12.7ms
[2025-07-11T00:08:59.744+0300][gc,phases   ] GC(9)   Post Evacuate Collection Set: 2.2ms
[2025-07-11T00:08:59.744+0300][gc,phases   ] GC(9)   Other: 1.4ms
[2025-07-11T00:08:59.745+0300][gc,heap     ] GC(9) Eden regions: 46->0(45)
[2025-07-11T00:08:59.745+0300][gc,heap     ] GC(9) Survivor regions: 5->6(7)
[2025-07-11T00:08:59.745+0300][gc,heap     ] GC(9) Old regions: 17->19
[2025-07-11T00:08:59.746+0300][gc,heap     ] GC(9) Humongous regions: 138->138
[2025-07-11T00:08:59.747+0300][gc,metaspace] GC(9) Metaspace: 45206K(45760K)->45206K(45760K) NonClass: 39952K(40256K)->39952K(40256K) Class: 5254K(5504K)->5254K(5504K)
[2025-07-11T00:08:59.747+0300][gc          ] GC(9) Pause Young (Normal) (G1 Evacuation Pause) 205M->161M(1024M) 25.477ms
[2025-07-11T00:08:59.747+0300][gc,cpu      ] GC(9) User=0.09s Sys=0.01s Real=0.02s
[2025-07-11T00:15:44.013+0300][gc,start    ] GC(10) Pause Young (Normal) (G1 Evacuation Pause)
[2025-07-11T00:15:44.014+0300][gc,task     ] GC(10) Using 8 workers of 8 for evacuation
[2025-07-11T00:15:44.022+0300][gc,phases   ] GC(10)   Pre Evacuate Collection Set: 0.7ms
[2025-07-11T00:15:44.022+0300][gc,phases   ] GC(10)   Merge Heap Roots: 0.3ms
[2025-07-11T00:15:44.023+0300][gc,phases   ] GC(10)   Evacuate Collection Set: 5.7ms
[2025-07-11T00:15:44.023+0300][gc,phases   ] GC(10)   Post Evacuate Collection Set: 1.0ms
[2025-07-11T00:15:44.023+0300][gc,phases   ] GC(10)   Other: 0.5ms
[2025-07-11T00:15:44.023+0300][gc,heap     ] GC(10) Eden regions: 45->0(47)
[2025-07-11T00:15:44.024+0300][gc,heap     ] GC(10) Survivor regions: 6->4(7)
[2025-07-11T00:15:44.024+0300][gc,heap     ] GC(10) Old regions: 19->21
[2025-07-11T00:15:44.024+0300][gc,heap     ] GC(10) Humongous regions: 138->138
[2025-07-11T00:15:44.025+0300][gc,metaspace] GC(10) Metaspace: 45401K(45952K)->45401K(45952K) NonClass: 40125K(40448K)->40125K(40448K) Class: 5276K(5504K)->5276K(5504K)
[2025-07-11T00:15:44.025+0300][gc          ] GC(10) Pause Young (Normal) (G1 Evacuation Pause) 206M->162M(1024M) 11.952ms
[2025-07-11T00:15:44.025+0300][gc,cpu      ] GC(10) User=0.04s Sys=0.00s Real=0.02s
[2025-07-11T00:23:03.249+0300][gc,start    ] GC(11) Pause Young (Normal) (G1 Evacuation Pause)
[2025-07-11T00:23:03.250+0300][gc,task     ] GC(11) Using 8 workers of 8 for evacuation
[2025-07-11T00:23:03.262+0300][gc,phases   ] GC(11)   Pre Evacuate Collection Set: 2.7ms
[2025-07-11T00:23:03.262+0300][gc,phases   ] GC(11)   Merge Heap Roots: 0.5ms
[2025-07-11T00:23:03.263+0300][gc,phases   ] GC(11)   Evacuate Collection Set: 7.3ms
[2025-07-11T00:23:03.263+0300][gc,phases   ] GC(11)   Post Evacuate Collection Set: 1.2ms
[2025-07-11T00:23:03.263+0300][gc,phases   ] GC(11)   Other: 0.5ms
[2025-07-11T00:23:03.264+0300][gc,heap     ] GC(11) Eden regions: 47->0(46)
[2025-07-11T00:23:03.264+0300][gc,heap     ] GC(11) Survivor regions: 4->5(7)
[2025-07-11T00:23:03.264+0300][gc,heap     ] GC(11) Old regions: 21->21
[2025-07-11T00:23:03.264+0300][gc,heap     ] GC(11) Humongous regions: 138->138
[2025-07-11T00:23:03.265+0300][gc,metaspace] GC(11) Metaspace: 45455K(46016K)->45455K(46016K) NonClass: 40179K(40512K)->40179K(40512K) Class: 5276K(5504K)->5276K(5504K)
[2025-07-11T00:23:03.265+0300][gc          ] GC(11) Pause Young (Normal) (G1 Evacuation Pause) 209M->162M(1024M) 15.960ms
[2025-07-11T00:23:03.265+0300][gc,cpu      ] GC(11) User=0.07s Sys=0.00s Real=0.01s
[2025-07-11T00:30:17.817+0300][gc,start    ] GC(12) Pause Young (Normal) (G1 Evacuation Pause)
[2025-07-11T00:30:17.819+0300][gc,task     ] GC(12) Using 8 workers of 8 for evacuation
[2025-07-11T00:30:17.831+0300][gc,phases   ] GC(12)   Pre Evacuate Collection Set: 2.2ms
[2025-07-11T00:30:17.831+0300][gc,phases   ] GC(12)   Merge Heap Roots: 1.0ms
[2025-07-11T00:30:17.831+0300][gc,phases   ] GC(12)   Evacuate Collection Set: 6.4ms
[2025-07-11T00:30:17.832+0300][gc,phases   ] GC(12)   Post Evacuate Collection Set: 1.0ms
[2025-07-11T00:30:17.832+0300][gc,phases   ] GC(12)   Other: 1.3ms
[2025-07-11T00:30:17.832+0300][gc,heap     ] GC(12) Eden regions: 46->0(47)
[2025-07-11T00:30:17.833+0300][gc,heap     ] GC(12) Survivor regions: 5->4(7)
[2025-07-11T00:30:17.833+0300][gc,heap     ] GC(12) Old regions: 21->22
[2025-07-11T00:30:17.833+0300][gc,heap     ] GC(12) Humongous regions: 138->138
[2025-07-11T00:30:17.834+0300][gc,metaspace] GC(12) Metaspace: 45504K(46016K)->45504K(46016K) NonClass: 40225K(40512K)->40225K(40512K) Class: 5278K(5504K)->5278K(5504K)
[2025-07-11T00:30:17.834+0300][gc          ] GC(12) Pause Young (Normal) (G1 Evacuation Pause) 208M->163M(1024M) 16.816ms
[2025-07-11T00:30:17.834+0300][gc,cpu      ] GC(12) User=0.03s Sys=0.01s Real=0.02s
[2025-07-11T00:38:01.896+0300][gc,start    ] GC(13) Pause Young (Normal) (G1 Evacuation Pause)
[2025-07-11T00:38:01.897+0300][gc,task     ] GC(13) Using 8 workers of 8 for evacuation
[2025-07-11T00:38:01.902+0300][gc,phases   ] GC(13)   Pre Evacuate Collection Set: 0.6ms
[2025-07-11T00:38:01.902+0300][gc,phases   ] GC(13)   Merge Heap Roots: 0.2ms
[2025-07-11T00:38:01.903+0300][gc,phases   ] GC(13)   Evacuate Collection Set: 2.9ms
[2025-07-11T00:38:01.903+0300][gc,phases   ] GC(13)   Post Evacuate Collection Set: 0.9ms
[2025-07-11T00:38:01.903+0300][gc,phases   ] GC(13)   Other: 0.4ms
[2025-07-11T00:38:01.903+0300][gc,heap     ] GC(13) Eden regions: 47->0(54)
[2025-07-11T00:38:01.904+0300][gc,heap     ] GC(13) Survivor regions: 4->5(7)
[2025-07-11T00:38:01.904+0300][gc,heap     ] GC(13) Old regions: 22->22
[2025-07-11T00:38:01.904+0300][gc,heap     ] GC(13) Humongous regions: 138->138
[2025-07-11T00:38:01.905+0300][gc,metaspace] GC(13) Metaspace: 45536K(46080K)->45536K(46080K) NonClass: 40256K(40576K)->40256K(40576K) Class: 5279K(5504K)->5279K(5504K)
[2025-07-11T00:38:01.905+0300][gc          ] GC(13) Pause Young (Normal) (G1 Evacuation Pause) 210M->163M(1024M) 8.580ms
[2025-07-11T00:38:01.905+0300][gc,cpu      ] GC(13) User=0.01s Sys=0.01s Real=0.00s
[2025-07-11T00:48:04.362+0300][gc,start    ] GC(14) Pause Young (Normal) (G1 Evacuation Pause)
[2025-07-11T00:48:04.363+0300][gc,task     ] GC(14) Using 8 workers of 8 for evacuation
[2025-07-11T00:48:04.384+0300][gc,phases   ] GC(14)   Pre Evacuate Collection Set: 2.0ms
[2025-07-11T00:48:04.385+0300][gc,phases   ] GC(14)   Merge Heap Roots: 2.4ms
[2025-07-11T00:48:04.386+0300][gc,phases   ] GC(14)   Evacuate Collection Set: 13.7ms
[2025-07-11T00:48:04.386+0300][gc,phases   ] GC(14)   Post Evacuate Collection Set: 1.7ms
[2025-07-11T00:48:04.387+0300][gc,phases   ] GC(14)   Other: 1.5ms
[2025-07-11T00:48:04.387+0300][gc,heap     ] GC(14) Eden regions: 59->0(45)
[2025-07-11T00:48:04.388+0300][gc,heap     ] GC(14) Survivor regions: 5->6(8)
[2025-07-11T00:48:04.388+0300][gc,heap     ] GC(14) Old regions: 22->22
[2025-07-11T00:48:04.389+0300][gc,heap     ] GC(14) Humongous regions: 138->138
[2025-07-11T00:48:04.389+0300][gc,metaspace] GC(14) Metaspace: 45561K(46144K)->45561K(46144K) NonClass: 40281K(40640K)->40281K(40640K) Class: 5280K(5504K)->5280K(5504K)
[2025-07-11T00:48:04.390+0300][gc          ] GC(14) Pause Young (Normal) (G1 Evacuation Pause) 222M->164M(1024M) 28.241ms
[2025-07-11T00:48:04.390+0300][gc,cpu      ] GC(14) User=0.10s Sys=0.02s Real=0.03s
[2025-07-11T00:54:58.147+0300][gc,start    ] GC(15) Pause Young (Normal) (G1 Evacuation Pause)
[2025-07-11T00:54:58.149+0300][gc,task     ] GC(15) Using 8 workers of 8 for evacuation
[2025-07-11T00:54:58.173+0300][gc,mmu      ] GC(15) MMU target violated: 21.0ms (20.0ms/21.0ms)
[2025-07-11T00:54:58.173+0300][gc,phases   ] GC(15)   Pre Evacuate Collection Set: 2.1ms
[2025-07-11T00:54:58.174+0300][gc,phases   ] GC(15)   Merge Heap Roots: 0.8ms
[2025-07-11T00:54:58.174+0300][gc,phases   ] GC(15)   Evacuate Collection Set: 17.8ms
[2025-07-11T00:54:58.175+0300][gc,phases   ] GC(15)   Post Evacuate Collection Set: 1.7ms
[2025-07-11T00:54:58.176+0300][gc,phases   ] GC(15)   Other: 2.3ms
[2025-07-11T00:54:58.176+0300][gc,heap     ] GC(15) Eden regions: 45->0(44)
[2025-07-11T00:54:58.176+0300][gc,heap     ] GC(15) Survivor regions: 6->7(7)
[2025-07-11T00:54:58.177+0300][gc,heap     ] GC(15) Old regions: 22->24
[2025-07-11T00:54:58.177+0300][gc,heap     ] GC(15) Humongous regions: 147->147
[2025-07-11T00:54:58.178+0300][gc,metaspace] GC(15) Metaspace: 45726K(46336K)->45726K(46336K) NonClass: 40418K(40768K)->40418K(40768K) Class: 5307K(5568K)->5307K(5568K)
[2025-07-11T00:54:58.178+0300][gc          ] GC(15) Pause Young (Normal) (G1 Evacuation Pause) 218M->177M(1024M) 31.264ms
[2025-07-11T00:54:58.179+0300][gc,cpu      ] GC(15) User=0.13s Sys=0.02s Real=0.04s
[2025-07-11T01:02:17.740+0300][gc,start    ] GC(16) Pause Young (Normal) (G1 Evacuation Pause)
[2025-07-11T01:02:17.741+0300][gc,task     ] GC(16) Using 8 workers of 8 for evacuation
[2025-07-11T01:02:17.749+0300][gc,phases   ] GC(16)   Pre Evacuate Collection Set: 0.5ms
[2025-07-11T01:02:17.749+0300][gc,phases   ] GC(16)   Merge Heap Roots: 0.4ms
[2025-07-11T01:02:17.749+0300][gc,phases   ] GC(16)   Evacuate Collection Set: 4.9ms
[2025-07-11T01:02:17.750+0300][gc,phases   ] GC(16)   Post Evacuate Collection Set: 1.3ms
[2025-07-11T01:02:17.750+0300][gc,phases   ] GC(16)   Other: 0.7ms
[2025-07-11T01:02:17.751+0300][gc,heap     ] GC(16) Eden regions: 44->0(103)
[2025-07-11T01:02:17.751+0300][gc,heap     ] GC(16) Survivor regions: 7->3(7)
[2025-07-11T01:02:17.751+0300][gc,heap     ] GC(16) Old regions: 24->28
[2025-07-11T01:02:17.752+0300][gc,heap     ] GC(16) Humongous regions: 147->147
[2025-07-11T01:02:17.752+0300][gc,metaspace] GC(16) Metaspace: 45800K(46464K)->45800K(46464K) NonClass: 40478K(40832K)->40478K(40832K) Class: 5321K(5632K)->5321K(5632K)
[2025-07-11T01:02:17.753+0300][gc          ] GC(16) Pause Young (Normal) (G1 Evacuation Pause) 221M->176M(1024M) 12.392ms
[2025-07-11T01:02:17.753+0300][gc,cpu      ] GC(16) User=0.03s Sys=0.01s Real=0.02s
[2025-07-11T01:21:38.386+0300][gc,start    ] GC(17) Pause Young (Normal) (G1 Evacuation Pause)
[2025-07-11T01:21:38.387+0300][gc,task     ] GC(17) Using 8 workers of 8 for evacuation
[2025-07-11T01:21:38.409+0300][gc,mmu      ] GC(17) MMU target violated: 21.0ms (20.0ms/21.0ms)
[2025-07-11T01:21:38.410+0300][gc,phases   ] GC(17)   Pre Evacuate Collection Set: 1.5ms
[2025-07-11T01:21:38.411+0300][gc,phases   ] GC(17)   Merge Heap Roots: 0.6ms
[2025-07-11T01:21:38.411+0300][gc,phases   ] GC(17)   Evacuate Collection Set: 18.0ms
[2025-07-11T01:21:38.412+0300][gc,phases   ] GC(17)   Post Evacuate Collection Set: 1.6ms
[2025-07-11T01:21:38.412+0300][gc,phases   ] GC(17)   Other: 1.5ms
[2025-07-11T01:21:38.413+0300][gc,heap     ] GC(17) Eden regions: 112->0(43)
[2025-07-11T01:21:38.413+0300][gc,heap     ] GC(17) Survivor regions: 3->8(15)
[2025-07-11T01:21:38.414+0300][gc,heap     ] GC(17) Old regions: 28->28
[2025-07-11T01:21:38.414+0300][gc,heap     ] GC(17) Humongous regions: 147->147
[2025-07-11T01:21:38.414+0300][gc,metaspace] GC(17) Metaspace: 45847K(46464K)->45847K(46464K) NonClass: 40521K(40832K)->40521K(40832K) Class: 5326K(5632K)->5326K(5632K)
[2025-07-11T01:21:38.415+0300][gc          ] GC(17) Pause Young (Normal) (G1 Evacuation Pause) 288M->181M(1024M) 29.299ms
[2025-07-11T01:21:38.415+0300][gc,cpu      ] GC(17) User=0.10s Sys=0.03s Real=0.04s
[2025-07-11T01:29:03.817+0300][gc,start    ] GC(18) Pause Young (Normal) (G1 Evacuation Pause)
[2025-07-11T01:29:03.819+0300][gc,task     ] GC(18) Using 8 workers of 8 for evacuation
[2025-07-11T01:29:03.857+0300][gc,mmu      ] GC(18) MMU target violated: 21.0ms (20.0ms/21.0ms)
[2025-07-11T01:29:03.858+0300][gc,phases   ] GC(18)   Pre Evacuate Collection Set: 1.5ms
[2025-07-11T01:29:03.859+0300][gc,phases   ] GC(18)   Merge Heap Roots: 0.7ms
[2025-07-11T01:29:03.860+0300][gc,phases   ] GC(18)   Evacuate Collection Set: 31.5ms
[2025-07-11T01:29:03.861+0300][gc,phases   ] GC(18)   Post Evacuate Collection Set: 3.1ms
[2025-07-11T01:29:03.862+0300][gc,phases   ] GC(18)   Other: 2.6ms
[2025-07-11T01:29:03.863+0300][gc,heap     ] GC(18) Eden regions: 43->0(47)
[2025-07-11T01:29:03.864+0300][gc,heap     ] GC(18) Survivor regions: 8->4(7)
[2025-07-11T01:29:03.865+0300][gc,heap     ] GC(18) Old regions: 28->35
[2025-07-11T01:29:03.867+0300][gc,heap     ] GC(18) Humongous regions: 147->147
[2025-07-11T01:29:03.868+0300][gc,metaspace] GC(18) Metaspace: 45878K(46528K)->45878K(46528K) NonClass: 40552K(40896K)->40552K(40896K) Class: 5326K(5632K)->5326K(5632K)
[2025-07-11T01:29:03.869+0300][gc          ] GC(18) Pause Young (Normal) (G1 Evacuation Pause) 224M->184M(1024M) 51.281ms
[2025-07-11T01:29:03.870+0300][gc,cpu      ] GC(18) User=0.18s Sys=0.07s Real=0.05s
